WARNING: Invalid UUID detected for org Invalid Org
Total number of organizations: 1
[H[2J[3J

  [1mNAME[0m  [1mID[0m  [1mCREATED-AT[0m  
